OpenJDK 64-Bit Server VM (25.144-b01) for linux-amd64 JRE (1.8.0_144-b01), built on Aug 28 2017 08:44:19 by "mockbuild" with gcc 7.1.1 20170622 (Red Hat 7.1.1-3)
Memory: 4k page, physical 8068864k(2961548k free), swap 8204284k(8204284k free)
CommandLine flags: -XX:+DisableExplicitGC -XX:InitialHeapSize=1073741824 -XX:InitiatingHeapOccupancyPercent=35 -XX:+ManagementServer -XX:MaxGCPauseMillis=20 -XX:MaxHeapSize=1073741824 -XX:+PrintGC -XX:+PrintGCDateStamps -XX:+PrintGCDetails -XX:+PrintGCTimeStamps -XX:+UseCompressedClassPointers -XX:+UseCompressedOops -XX:+UseG1GC 
2017-10-21T23:41:10.974+0530: 1.780: [GC pause (G1 Evacuation Pause) (young), 0.0342887 secs]
   [Parallel Time: 23.4 ms, GC Workers: 4]
      [GC Worker Start (ms): Min: 1780.0, Avg: 1783.3, Max: 1787.3, Diff: 7.2]
      [Ext Root Scanning (ms): Min: 0.0, Avg: 3.6, Max: 13.1, Diff: 13.0, Sum: 14.4]
      [Update RS (ms): Min: 0.0, Avg: 0.0, Max: 0.0, Diff: 0.0, Sum: 0.0]
         [Processed Buffers: Min: 0, Avg: 0.0, Max: 0, Diff: 0, Sum: 0]
      [Scan RS (ms): Min: 0.0, Avg: 0.0, Max: 0.0, Diff: 0.0, Sum: 0.1]
      [Code Root Scanning (ms): Min: 0.0, Avg: 0.1, Max: 0.6, Diff: 0.6, Sum: 0.6]
      [Object Copy (ms): Min: 10.2, Avg: 14.3, Max: 16.9, Diff: 6.6, Sum: 57.3]
      [Termination (ms): Min: 0.0, Avg: 2.0, Max: 4.1, Diff: 4.1, Sum: 8.2]
         [Termination Attempts: Min: 1, Avg: 1.0, Max: 1, Diff: 0, Sum: 4]
      [GC Worker Other (ms): Min: 0.0, Avg: 0.0, Max: 0.0, Diff: 0.0, Sum: 0.0]
      [GC Worker Total (ms): Min: 16.2, Avg: 20.1, Max: 23.4, Diff: 7.2, Sum: 80.6]
      [GC Worker End (ms): Min: 1803.4, Avg: 1803.4, Max: 1803.5, Diff: 0.1]
   [Code Root Fixup: 0.0 ms]
   [Code Root Purge: 0.0 ms]
   [Clear CT: 0.1 ms]
   [Other: 10.8 ms]
      [Choose CSet: 0.0 ms]
      [Ref Proc: 10.4 ms]
      [Ref Enq: 0.0 ms]
      [Redirty Cards: 0.0 ms]
      [Humongous Register: 0.0 ms]
      [Humongous Reclaim: 0.0 ms]
      [Free CSet: 0.1 ms]
   [Eden: 51.0M(51.0M)->0.0B(44.0M) Survivors: 0.0B->7168.0K Heap: 51.0M(1024.0M)->7991.5K(1024.0M)]
 [Times: user=0.03 sys=0.00, real=0.04 secs] 
2017-10-21T23:41:12.211+0530: 3.018: [GC pause (G1 Evacuation Pause) (young), 0.0445506 secs]
   [Parallel Time: 30.6 ms, GC Workers: 4]
      [GC Worker Start (ms): Min: 3017.7, Avg: 3021.6, Max: 3024.7, Diff: 7.0]
      [Ext Root Scanning (ms): Min: 0.0, Avg: 1.0, Max: 3.7, Diff: 3.6, Sum: 3.8]
      [Update RS (ms): Min: 0.0, Avg: 0.0, Max: 0.1, Diff: 0.1, Sum: 0.1]
         [Processed Buffers: Min: 0, Avg: 0.2, Max: 1, Diff: 1, Sum: 1]
      [Scan RS (ms): Min: 0.0, Avg: 0.0, Max: 0.0, Diff: 0.0, Sum: 0.0]
      [Code Root Scanning (ms): Min: 0.0, Avg: 1.7, Max: 6.1, Diff: 6.1, Sum: 7.0]
      [Object Copy (ms): Min: 10.2, Avg: 15.9, Max: 20.9, Diff: 10.7, Sum: 63.5]
      [Termination (ms): Min: 0.0, Avg: 5.0, Max: 10.0, Diff: 10.0, Sum: 20.0]
         [Termination Attempts: Min: 1, Avg: 1.2, Max: 2, Diff: 1, Sum: 5]
      [GC Worker Other (ms): Min: 0.0, Avg: 0.0, Max: 0.0, Diff: 0.0, Sum: 0.0]
      [GC Worker Total (ms): Min: 19.5, Avg: 23.6, Max: 26.6, Diff: 7.1, Sum: 94.5]
      [GC Worker End (ms): Min: 3044.2, Avg: 3045.2, Max: 3048.3, Diff: 4.1]
   [Code Root Fixup: 0.1 ms]
   [Code Root Purge: 0.0 ms]
   [Clear CT: 0.0 ms]
   [Other: 13.8 ms]
      [Choose CSet: 0.0 ms]
      [Ref Proc: 13.5 ms]
      [Ref Enq: 0.0 ms]
      [Redirty Cards: 0.0 ms]
      [Humongous Register: 0.1 ms]
      [Humongous Reclaim: 0.0 ms]
      [Free CSet: 0.1 ms]
   [Eden: 44.0M(44.0M)->0.0B(44.0M) Survivors: 7168.0K->7168.0K Heap: 51.8M(1024.0M)->8264.5K(1024.0M)]
 [Times: user=0.03 sys=0.00, real=0.05 secs] 
2017-10-21T23:41:12.304+0530: 3.110: [GC pause (Metadata GC Threshold) (young) (initial-mark), 0.0267094 secs]
   [Parallel Time: 20.4 ms, GC Workers: 4]
      [GC Worker Start (ms): Min: 3110.4, Avg: 3111.7, Max: 3112.9, Diff: 2.5]
      [Ext Root Scanning (ms): Min: 3.0, Avg: 7.7, Max: 17.8, Diff: 14.8, Sum: 31.0]
      [Update RS (ms): Min: 0.0, Avg: 0.0, Max: 0.2, Diff: 0.2, Sum: 0.2]
         [Processed Buffers: Min: 0, Avg: 0.5, Max: 2, Diff: 2, Sum: 2]
      [Scan RS (ms): Min: 0.0, Avg: 0.0, Max: 0.0, Diff: 0.0, Sum: 0.0]
      [Code Root Scanning (ms): Min: 0.0, Avg: 0.3, Max: 1.3, Diff: 1.3, Sum: 1.3]
      [Object Copy (ms): Min: 0.0, Avg: 3.6, Max: 5.9, Diff: 5.9, Sum: 14.4]
      [Termination (ms): Min: 0.0, Avg: 7.3, Max: 9.8, Diff: 9.8, Sum: 29.1]
         [Termination Attempts: Min: 1, Avg: 1.2, Max: 2, Diff: 1, Sum: 5]
      [GC Worker Other (ms): Min: 0.0, Avg: 0.0, Max: 0.0, Diff: 0.0, Sum: 0.0]
      [GC Worker Total (ms): Min: 17.8, Avg: 19.0, Max: 20.3, Diff: 2.5, Sum: 76.0]
      [GC Worker End (ms): Min: 3130.7, Avg: 3130.7, Max: 3130.7, Diff: 0.0]
   [Code Root Fixup: 0.1 ms]
   [Code Root Purge: 0.0 ms]
   [Clear CT: 0.0 ms]
   [Other: 6.3 ms]
      [Choose CSet: 0.0 ms]
      [Ref Proc: 5.9 ms]
      [Ref Enq: 0.0 ms]
      [Redirty Cards: 0.0 ms]
      [Humongous Register: 0.0 ms]
      [Humongous Reclaim: 0.0 ms]
      [Free CSet: 0.0 ms]
   [Eden: 4096.0K(44.0M)->0.0B(47.0M) Survivors: 7168.0K->4096.0K Heap: 11.5M(1024.0M)->5192.5K(1024.0M)]
 [Times: user=0.05 sys=0.00, real=0.03 secs] 
2017-10-21T23:41:12.331+0530: 3.137: [GC concurrent-root-region-scan-start]
2017-10-21T23:41:12.336+0530: 3.143: [GC concurrent-root-region-scan-end, 0.0056279 secs]
2017-10-21T23:41:12.336+0530: 3.143: [GC concurrent-mark-start]
2017-10-21T23:41:12.337+0530: 3.143: [GC concurrent-mark-end, 0.0003487 secs]
2017-10-21T23:41:12.338+0530: 3.144: [GC remark 2017-10-21T23:41:12.338+0530: 3.145: [Finalize Marking, 0.0042445 secs] 2017-10-21T23:41:12.342+0530: 3.149: [GC ref-proc, 0.0000734 secs] 2017-10-21T23:41:12.343+0530: 3.149: [Unloading, 0.0038741 secs], 0.0084293 secs]
 [Times: user=0.02 sys=0.00, real=0.01 secs] 
2017-10-21T23:41:12.347+0530: 3.153: [GC cleanup 5768K->4671K(1024M), 0.0011407 secs]
 [Times: user=0.01 sys=0.00, real=0.00 secs] 
2017-10-21T23:41:12.348+0530: 3.154: [GC concurrent-cleanup-start]
2017-10-21T23:41:12.348+0530: 3.154: [GC concurrent-cleanup-end, 0.0000170 secs]
2017-10-21T23:42:55.373+0530: 106.180: [GC pause (G1 Evacuation Pause) (young), 0.0331198 secs]
   [Parallel Time: 25.4 ms, GC Workers: 4]
      [GC Worker Start (ms): Min: 106179.6, Avg: 106183.3, Max: 106187.0, Diff: 7.4]
      [Ext Root Scanning (ms): Min: 0.0, Avg: 2.5, Max: 9.5, Diff: 9.4, Sum: 10.1]
      [Update RS (ms): Min: 0.0, Avg: 0.0, Max: 0.0, Diff: 0.0, Sum: 0.0]
         [Processed Buffers: Min: 0, Avg: 0.5, Max: 2, Diff: 2, Sum: 2]
      [Scan RS (ms): Min: 0.0, Avg: 0.0, Max: 0.1, Diff: 0.1, Sum: 0.1]
      [Code Root Scanning (ms): Min: 0.0, Avg: 4.3, Max: 17.0, Diff: 17.0, Sum: 17.0]
      [Object Copy (ms): Min: 4.7, Avg: 14.0, Max: 20.3, Diff: 15.6, Sum: 55.9]
      [Termination (ms): Min: 0.0, Avg: 0.8, Max: 1.4, Diff: 1.4, Sum: 3.4]
         [Termination Attempts: Min: 1, Avg: 1.0, Max: 1, Diff: 0, Sum: 4]
      [GC Worker Other (ms): Min: 0.0, Avg: 0.0, Max: 0.0, Diff: 0.0, Sum: 0.0]
      [GC Worker Total (ms): Min: 17.9, Avg: 21.6, Max: 25.3, Diff: 7.4, Sum: 86.5]
      [GC Worker End (ms): Min: 106204.9, Avg: 106204.9, Max: 106204.9, Diff: 0.1]
   [Code Root Fixup: 0.1 ms]
   [Code Root Purge: 0.0 ms]
   [Clear CT: 0.0 ms]
   [Other: 7.6 ms]
      [Choose CSet: 0.0 ms]
      [Ref Proc: 7.3 ms]
      [Ref Enq: 0.0 ms]
      [Redirty Cards: 0.0 ms]
      [Humongous Register: 0.0 ms]
      [Humongous Reclaim: 0.0 ms]
      [Free CSet: 0.1 ms]
   [Eden: 47.0M(47.0M)->0.0B(45.0M) Survivors: 4096.0K->6144.0K Heap: 51.0M(1024.0M)->6144.0K(1024.0M)]
 [Times: user=0.05 sys=0.00, real=0.04 secs] 
2017-10-21T23:42:56.897+0530: 107.703: [GC pause (G1 Evacuation Pause) (young), 0.0391956 secs]
   [Parallel Time: 17.3 ms, GC Workers: 4]
      [GC Worker Start (ms): Min: 107703.3, Avg: 107706.1, Max: 107709.7, Diff: 6.4]
      [Ext Root Scanning (ms): Min: 0.0, Avg: 0.6, Max: 1.9, Diff: 1.9, Sum: 2.5]
      [Update RS (ms): Min: 0.0, Avg: 0.0, Max: 0.0, Diff: 0.0, Sum: 0.0]
         [Processed Buffers: Min: 0, Avg: 0.0, Max: 0, Diff: 0, Sum: 0]
      [Scan RS (ms): Min: 0.0, Avg: 0.0, Max: 0.0, Diff: 0.0, Sum: 0.0]
      [Code Root Scanning (ms): Min: 0.0, Avg: 2.1, Max: 7.0, Diff: 7.0, Sum: 8.6]
      [Object Copy (ms): Min: 2.5, Avg: 6.2, Max: 9.8, Diff: 7.3, Sum: 24.8]
      [Termination (ms): Min: 0.0, Avg: 2.5, Max: 5.6, Diff: 5.6, Sum: 10.0]
         [Termination Attempts: Min: 1, Avg: 2.0, Max: 5, Diff: 4, Sum: 8]
      [GC Worker Other (ms): Min: 0.0, Avg: 0.0, Max: 0.0, Diff: 0.0, Sum: 0.0]
      [GC Worker Total (ms): Min: 8.9, Avg: 11.5, Max: 17.3, Diff: 8.5, Sum: 45.9]
      [GC Worker End (ms): Min: 107715.6, Avg: 107717.6, Max: 107720.6, Diff: 5.0]
   [Code Root Fixup: 0.2 ms]
   [Code Root Purge: 0.0 ms]
   [Clear CT: 0.1 ms]
   [Other: 21.6 ms]
      [Choose CSet: 0.0 ms]
      [Ref Proc: 20.9 ms]
      [Ref Enq: 0.0 ms]
      [Redirty Cards: 0.0 ms]
      [Humongous Register: 0.0 ms]
      [Humongous Reclaim: 0.3 ms]
      [Free CSet: 0.1 ms]
   [Eden: 45.0M(45.0M)->0.0B(47.0M) Survivors: 6144.0K->4096.0K Heap: 301.0M(1024.0M)->6028.0K(1024.0M)]
 [Times: user=0.04 sys=0.00, real=0.04 secs] 
Heap
 garbage-first heap   total 1048576K, used 45963K [0x00000000c0000000, 0x00000000c0102000, 0x0000000100000000)
  region size 1024K, 44 young (45056K), 4 survivors (4096K)
 Metaspace       used 24758K, capacity 24942K, committed 25088K, reserved 1071104K
  class space    used 3417K, capacity 3491K, committed 3584K, reserved 1048576K
